// Jest Snapshot v1, https://goo.gl/fbAQLP

exports[`Search input match snapshot 1`] = `
<div>
  <div
    class="p-f-search"
  >
    <input
      class="p-f-search__input"
      placeholder="Search ..."
      type="text"
      value=""
    />
    <svg
      fill="#8f8f8f"
      height="16"
      preserveAspectRatio="xMidYMid meet"
      viewBox="0 0 14 14"
      width="16"
    >
      <path
        clip-rule="evenodd"
        d="M9.16437 9.87147C8.30243 10.5768 7.20063 11 6 11C3.23858 11 1 8.76142 1 6C1 3.23858 3.23858 1 6 1C8.76142 1 11 3.23858 11 6C11 7.20064 10.5768 8.30243 9.87147 9.16437L12.8366 12.1295L12.1295 12.8366L9.16437 9.87147ZM10 6C10 8.20914 8.20914 10 6 10C3.79086 10 2 8.20914 2 6C2 3.79086 3.79086 2 6 2C8.20914 2 10 3.79086 10 6Z"
        fill-rule="evenodd"
      />
    </svg>
  </div>
</div>
`;
